open source     > level 1, order 1, name '/usr/share/texmf/tex/context/base/mkiv/cont-yes.mkiv'
system          > 
system          > ConTeXt  ver: 2021.03.05 19:11 MKIV  fmt: 2022.8.13  int: english/english
system          > 
system          > 'cont-new.mkiv' loaded
open source     > level 2, order 2, name '/usr/share/texmf/tex/context/base/mkiv/cont-new.mkiv'
system          > beware: some patches loaded from cont-new.mkiv
close source    > level 2, order 2, name '/usr/share/texmf/tex/context/base/mkiv/cont-new.mkiv'
system          > files > jobname 'test', input './test', result 'test'
fonts           > latin modern fonts are not preloaded
languages       > language 'en' is active
open source     > level 2, order 3, name '/home/editorial/LATEX/pesquisa-ConTeXt/test.tex'
open source     > level 3, order 4, name '/usr/share/texmf/tex/context/base/mkiv/meta-imp-dum.mkiv'
close source    > level 3, order 4, name '/usr/share/texmf/tex/context/base/mkiv/meta-imp-dum.mkiv'
metapost        > library 'dum' is loaded

tex error       > tex error on line 3 in file /home/editorial/LATEX/pesquisa-ConTeXt/test.tex: ! Undefined control sequence

l.3 \startsubfloatnumbering
                         

 1     \useMPlibrary [dum]  %% sample images
 2     
 3 >>  \startsubfloatnumbering
 4       \startplacefigure [title=Alpha]
 5         \externalfigure
 6       \stopplacefigure
 7     
 8       \startplacefigure [title=Beta]
 9         \externalfigure
10       \stopplacefigure
11     \stopsubfloatnumbering
12     % \setupbodyfont[modern,11pt]
13     % \setuplayout

